main.cpp:109:5:int main()	8	static
main.cpp:201:6:void SystemClock_Config()	88	static
main.cpp:241:13:void MX_CAN1_Init()	8	static
main.cpp:278:13:void MX_CAN2_Init()	8	static
main.cpp:315:13:void MX_I2C1_Init()	8	static
main.cpp:361:13:void MX_SPI5_Init()	8	static
main.cpp:399:13:void MX_TIM2_Init()	48	static
main.cpp:460:13:void MX_TIM3_Init()	48	static
main.cpp:509:13:void MX_TIM4_Init()	48	static
main.cpp:570:13:void MX_TIM5_Init()	48	static
main.cpp:627:13:void MX_TIM12_Init()	40	static
main.cpp:669:13:void MX_USART1_UART_Init()	8	static
main.cpp:702:13:void MX_USART2_UART_Init()	8	static
main.cpp:735:13:void MX_USART3_UART_Init()	8	static
main.cpp:768:13:void MX_USART6_UART_Init()	8	static
main.cpp:799:13:void MX_DMA_Init()	16	static
main.cpp:830:13:void MX_GPIO_Init()	40	static
main.cpp:855:6:void StartDefaultTask(void*)	16	static
main.cpp:874:6:void HAL_TIM_PeriodElapsedCallback(TIM_HandleTypeDef*)	16	static
main.cpp:891:6:void Error_Handler()	4	static,ignoring_inline_asm
